#-----------------------------------------------------------
# Vivado v2024.1 (64-bit)
# SW Build 5076996 on Wed May 22 18:37:14 MDT 2024
# IP Build 5075265 on Wed May 22 21:45:21 MDT 2024
# SharedData Build 5076995 on Wed May 22 18:29:18 MDT 2024
# Start of session at: Wed Sep 16 17:52:09 2026
# Process ID: 17760
# Current directory: C:/Users/Jose/TPs/Computer-Architecture-2026/ALU_TP1/ALU_TP1.runs/synth_1
# Command line: vivado.exe -log basys3_alu_top.vds -product Vivado -mode batch -messageDb vivado.pb -notrace -source basys3_alu_top.tcl
# Log file: C:/Users/Jose/TPs/Computer-Architecture-2026/ALU_TP1/ALU_TP1.runs/synth_1/basys3_alu_top.vds
# Journal file: C:/Users/Jose/TPs/Computer-Architecture-2026/ALU_TP1/ALU_TP1.runs/synth_1\vivado.jou
# Running On        :DESKTOP-RRFGTIG
# Platform          :Windows Server 2016 or Windows 10
# Operating System  :26100
# Processor Detail  :Intel(R) Core(TM) i5-8250U CPU @ 1.60GHz
# CPU Frequency     :1800 MHz
# CPU Physical cores:4
# CPU Logical cores :8
# Host memory       :8471 MB
# Swap memory       :9670 MB
# Total Virtual     :18141 MB
# Available Virtual :981 MB
#-----------------------------------------------------------
source basys3_alu_top.tcl -notrace
